                                                                                                    
                                                                                                    
                                                                                                    
                                                                                                    
                                                                                                    
                                                                                                    
                                                                                                    
                                                                                                    
                                                                                                    
                                                                                                    
                                                                                                    
                                                                                                    
                                                                                                    
                                                                                                    
                                                                                                    
                                    O                                                               
                                    OO                                                              
                                                                                                    
                                                                                                    
                                                                                                    
                                                                                                    
                                                                                                    
                                                                                                    
                                                                                                    
                                                                                                    
                                                                                                    
                                                                                                    
                                                                                                    
                                  O                                                                 
                                OOOOOOO                                                             
                              OOOOOOOOOOO                                                           
                            OOOOOO       O                         O                                
                           OOOOO          OO                 OOOOOOOO                               
                          OOO             OOOOO            OOO                                      
                          OO           OOOOOOOOOO       OOO                                         
                           O           OOOOOOO O OOOOOO                                             
                           O           OOOOOOOO                                                     
                           O           OOOOOOOO O                                                   
                           O           OOOOOOOOO                                                    
                           OO          OOOOOOOO                                                     
                            O           OOOOOOOOO                                                   
                             O            OOOO O                                                    
                             OOOOOOOO                                                               
                                 O                                                                  
                                                                                                    
                                                                                                    
                                                   OO                                               
                                                   O O                                              
                                                    OOOO                                            
                                                      O                                             
                                                      OOOO                                          
                                     OO                                                             
                                       OO                OO                                         
                                         OO             OOO O                                       
                                           O             O                                          
                                           O                                                        
                                            O                                                       
                                            O                                                       
                          OO                                                                        
                           O                O                                                       
                                           O                                                        
                                                                                                    
                             O             O                                                        
                               O          O                                                         
                                 O      O                                                           
                                    OO O                                                            
                                                                                                    
                                                                                                    
                                                                                                    
                                                                                                    
                                                                                                    
                                                                                                    
                                                                                                    
                                                                                                    
                                                                                                    
                                                                                                    
                                                                                                    
                                                                                                    
                                                                                                    
                                                                                                    
                                                                                                    
                                                                                                    
                                                                                                    
                                                                                                    
                                                                                                    
                                                                                                    
                                                                                                    
                                                                                                    
                                                                                                    
                                                                                                    
                                                                                                    
                                                                                                    
                                                                                                    
                                                                                                    
                                                                                                    
                                                                                                    
                                                                                                    
                                                                                                    
                                                                                                    
                                                                                                    














